// Jest Snapshot v1, https://goo.gl/fbAQLP

exports[` 1`] = `"Header"`;

exports[`Header Element render() should render correctly 1`] = `
Object {
  "input": undefined,
  "props": Object {
    "id": "hr",
    "label": "Hello World",
  },
  "type": Object {
    "render": [Function],
    "type": "Header",
    "valid": [Function],
    "value": [Function],
  },
  "wrapper": <h2
    id="dialog-hr"
  >
    Hello World
  </h2>,
}
`;
